TAP version 13
# Subtest: architecture adapts compound graphs to available width while preserving all semantic content
ok 1 - architecture adapts compound graphs to available width while preserving all semantic content
  ---
  duration_ms: 702.507
  type: 'test'
  ...
# Subtest: a long call chain wraps into rows, then returns deterministically to wide layout
ok 2 - a long call chain wraps into rows, then returns deterministically to wide layout
  ---
  duration_ms: 92.765583
  type: 'test'
  ...
# Subtest: compound project architecture chooses short downward routes over wrapped detours
ok 3 - compound project architecture chooses short downward routes over wrapped detours
  ---
  duration_ms: 619.256875
  type: 'test'
  ...
# Subtest: downward frame titles reserve room for localized wrapping beside entry routes
ok 4 - downward frame titles reserve room for localized wrapping beside entry routes
  ---
  duration_ms: 22.754667
  type: 'test'
  ...
# Subtest: reflow coalesces resize bursts, ignores unchanged width/hidden views, and reuses previous widths
ok 5 - reflow coalesces resize bursts, ignores unchanged width/hidden views, and reuses previous widths
  ---
  duration_ms: 2.871833
  type: 'test'
  ...
# Subtest: stale layout completions cannot overwrite a newer width or a disposed document
ok 6 - stale layout completions cannot overwrite a newer width or a disposed document
  ---
  duration_ms: 0.143708
  type: 'test'
  ...
# Subtest: multiple diagrams serialize computation and recovery after one failed job
ok 7 - multiple diagrams serialize computation and recovery after one failed job
  ---
  duration_ms: 0.402458
  type: 'test'
  ...
# Subtest: architecture input rejects bad references, cycles, duplicate IDs, geometry and executable markup
ok 8 - architecture input rejects bad references, cycles, duplicate IDs, geometry and executable markup
  ---
  duration_ms: 1.762875
  type: 'test'
  ...
# Subtest: MCP accepts semantic architecture and preserves existing HTML-only requests
ok 9 - MCP accepts semantic architecture and preserves existing HTML-only requests
  ---
  duration_ms: 1.135667
  type: 'test'
  ...
# Subtest: local routing preserves topology, avoids nodes/labels, wraps long Chinese, supports compound frames and cycles
ok 10 - local routing preserves topology, avoids nodes/labels, wraps long Chinese, supports compound frames and cycles
  ---
  duration_ms: 260.717208
  type: 'test'
  ...
# Subtest: semantic return edges do not reverse the main call chain; words and punctuation stay readable
ok 11 - semantic return edges do not reverse the main call chain; words and punctuation stay readable
  ---
  duration_ms: 29.845833
  type: 'test'
  ...
# Subtest: compound edge entry paths avoid frame titles in the accepted UK power regression
ok 12 - compound edge entry paths avoid frame titles in the accepted UK power regression
  ---
  duration_ms: 33.754209
  type: 'test'
  ...
# Subtest: renderer escapes text and reuses domain colors independent of card order
ok 13 - renderer escapes text and reuses domain colors independent of card order
  ---
  duration_ms: 0.799291
  type: 'test'
  ...
# Subtest: reading Agent availability before workspace initialization does not create a Canvas
ok 14 - reading Agent availability before workspace initialization does not create a Canvas
  ---
  duration_ms: 14.267917
  type: 'test'
  ...
# Subtest: Canvas boot reaches theme paint and creates distinct documents without randomUUID
ok 15 - Canvas boot reaches theme paint and creates distinct documents without randomUUID
  ---
  duration_ms: 4.983458
  type: 'test'
  ...
# Subtest: History closes only after an already-open Canvas has successfully activated
ok 16 - History closes only after an already-open Canvas has successfully activated
  ---
  duration_ms: 6.611
  type: 'test'
  ...
# Subtest: History loads legacy canvases without Web Crypto and permits retry after a read failure
ok 17 - History loads legacy canvases without Web Crypto and permits retry after a read failure
  ---
  duration_ms: 7.124417
  type: 'test'
  ...
# Subtest: MCP finds only open workspace records, excludes closed provider copies, and filters documentId
ok 18 - MCP finds only open workspace records, excludes closed provider copies, and filters documentId
  ---
  duration_ms: 7.171041
  type: 'test'
  ...
# Subtest: MCP document catalog mirrors every open record, keeps document titles, and drops a closed record
ok 19 - MCP document catalog mirrors every open record, keeps document titles, and drops a closed record
  ---
  duration_ms: 2.149459
  type: 'test'
  ...
# Subtest: MCP browser catalog publishes every open document with its stable identity
ok 20 - MCP browser catalog publishes every open document with its stable identity
  ---
  duration_ms: 9.4595
  type: 'test'
  ...
# Subtest: two documents route hidden sessions without changing or mounting the visible Canvas
ok 21 - two documents route hidden sessions without changing or mounting the visible Canvas
  ---
  duration_ms: 2.625833
  type: 'test'
  ...
# Subtest: hidden writes after visible additions allocate fresh identities and persist the exact acknowledged source
ok 22 - hidden writes after visible additions allocate fresh identities and persist the exact acknowledged source
  ---
  duration_ms: 4.27575
  type: 'test'
  ...
# Subtest: creating another Canvas stops at the open limit with a localized close-first hint
ok 23 - creating another Canvas stops at the open limit with a localized close-first hint
  ---
  duration_ms: 1.857417
  type: 'test'
  ...
# Subtest: virtual source edits preserve geometry, reject stale hashes, and recover mutation retries after persistence failure
ok 24 - virtual source edits preserve geometry, reject stale hashes, and recover mutation retries after persistence failure
  ---
  duration_ms: 8.009042
  type: 'test'
  ...
# Subtest: existing-content edits require the current document revision
ok 25 - existing-content edits require the current document revision
  ---
  duration_ms: 4.445875
  type: 'test'
  ...
# Subtest: pull inbox is isolated by client and key, reading does not acknowledge, and cancellation is final
ok 26 - pull inbox is isolated by client and key, reading does not acknowledge, and cancellation is final
  ---
  duration_ms: 2.072333
  type: 'test'
  ...
# Subtest: persisted conversation bindings reopen the same document and artifact identity
ok 27 - persisted conversation bindings reopen the same document and artifact identity
  ---
  duration_ms: 8.989875
  type: 'test'
  ...
# Subtest: partial reconnect preserves other bindings and closed sessions do not revive
ok 28 - partial reconnect preserves other bindings and closed sessions do not revive
  ---
  duration_ms: 8.359875
  type: 'test'
  ...
# Subtest: keyless sessions stay independent and do not restore a saved binding
ok 29 - keyless sessions stay independent and do not restore a saved binding
  ---
  duration_ms: 3.7195
  type: 'test'
  ...
# Subtest: unseen background updates survive automatic display and clear persistently on manual selection
ok 30 - unseen background updates survive automatic display and clear persistently on manual selection
  ---
  duration_ms: 7.355084
  type: 'test'
  ...
# Subtest: failed Canvas decoding before activation preserves background unread state
ok 31 - failed Canvas decoding before activation preserves background unread state
  ---
  duration_ms: 2.863958
  type: 'test'
  ...
# Subtest: invalid persisted unseen values reset to zero
ok 32 - invalid persisted unseen values reset to zero
  ---
  duration_ms: 20.402541
  type: 'test'
  ...
# Subtest: new unbound sessions create canvases even when the visible Canvas is empty and reconnect to their binding
ok 33 - new unbound sessions create canvases even when the visible Canvas is empty and reconnect to their binding
  ---
  duration_ms: 4.188292
  type: 'test'
  ...
# Subtest: Save as creates independent identity while retaining source and separating conversation bindings
ok 34 - Save as creates independent identity while retaining source and separating conversation bindings
  ---
  duration_ms: 3.402791
  type: 'test'
  ...
# Subtest: open distinguishes an exact locator from ambiguous IDs and unavailable storage
ok 35 - open distinguishes an exact locator from ambiguous IDs and unavailable storage
  ---
  duration_ms: 34.236625
  type: 'test'
  ...
# Subtest: legacy and identified saved copies keep independent content across visible switches
ok 36 - legacy and identified saved copies keep independent content across visible switches
  ---
  duration_ms: 12.983292
  type: 'test'
  ...
# Subtest: showing an updated Canvas acknowledges only that document
ok 37 - showing an updated Canvas acknowledges only that document
  ---
  duration_ms: 2.8405
  type: 'test'
  ...
# Subtest: closing a Canvas does not block on inbox and revokes its session
ok 38 - closing a Canvas does not block on inbox and revokes its session
  ---
  duration_ms: 2.127708
  type: 'test'
  ...
# Subtest: failed close preserves the original Canvas and its session
ok 39 - failed close preserves the original Canvas and its session
  ---
  duration_ms: 9.38175
  type: 'test'
  ...
# Subtest: session titles name only untitled unsaved documents and survive reconnect
ok 40 - session titles name only untitled unsaved documents and survive reconnect
  ---
  duration_ms: 6.9585
  type: 'test'
  ...
# Subtest: closing after Save as removes both workspace handles but preserves unrelated documents
ok 41 - closing after Save as removes both workspace handles but preserves unrelated documents
  ---
  duration_ms: 1.471667
  type: 'test'
  ...
# Subtest: background Widgets survive real record validation, persistence and restore, including older empty copy fields
ok 42 - background Widgets survive real record validation, persistence and restore, including older empty copy fields
  ---
  duration_ms: 5.164083
  type: 'test'
  ...
# Subtest: explicit current attaches populated Canvas, preserves title, and stays pinned
ok 43 - explicit current attaches populated Canvas, preserves title, and stays pinned
  ---
  duration_ms: 1.905334
  type: 'test'
  ...
# Subtest: current attach rejects an in-progress navigation
ok 44 - current attach rejects an in-progress navigation
  ---
  duration_ms: 0.969875
  type: 'test'
  ...
# Subtest: draw_ink validates before mutation, preserves brush selection, and seals one undo edit
ok 45 - draw_ink validates before mutation, preserves brush selection, and seals one undo edit
  ---
  duration_ms: 0.975208
  type: 'test'
  ...
# Subtest: draw_ink canonical raster tiles round trip through real save undo and redo
ok 46 - draw_ink canonical raster tiles round trip through real save undo and redo
  ---
  duration_ms: 3.67975
  type: 'test'
  ...
# Subtest: saved Widget front order survives workspace reload and explicit save metadata
ok 47 - saved Widget front order survives workspace reload and explicit save metadata
  ---
  duration_ms: 4.978834
  type: 'test'
  ...
# Subtest: internal and external Agents use the same current-document source and presentation executor
ok 48 - internal and external Agents use the same current-document source and presentation executor
  ---
  duration_ms: 4.286333
  type: 'test'
  ...
# Subtest: internal document binding rejects cross-document routing and lifecycle operations
ok 49 - internal document binding rejects cross-document routing and lifecycle operations
  ---
  duration_ms: 1.220959
  type: 'test'
  ...
# Subtest: shared document tools preserve retired plugin content without allowing source replacement
ok 50 - shared document tools preserve retired plugin content without allowing source replacement
  ---
  duration_ms: 12.662916
  type: 'test'
  ...
# Subtest: internal conversations do not consume external binding slots and retain bounded reconnect identities
ok 51 - internal conversations do not consume external binding slots and retain bounded reconnect identities
  ---
  duration_ms: 7.795875
  type: 'test'
  ...
# Subtest: the real document executor places Widgets beside and below an anchor, and explicit moves preserve content
ok 52 - the real document executor places Widgets beside and below an anchor, and explicit moves preserve content
  ---
  duration_ms: 2.077625
  type: 'test'
  ...
# Subtest: an internal document operation rejects an active Canvas epoch replacement without touching the replacement document
ok 53 - an internal document operation rejects an active Canvas epoch replacement without touching the replacement document
  ---
  duration_ms: 2.80475
  type: 'test'
  ...
# Subtest: HTML patches retain canonical copy source above the independent source limit
ok 54 - HTML patches retain canonical copy source above the independent source limit
  ---
  duration_ms: 5.62075
  type: 'test'
  ...
# Subtest: closed conversation Canvas restores the same document and artifacts after browser restart
ok 55 - closed conversation Canvas restores the same document and artifacts after browser restart
  ---
  duration_ms: 6.560541
  type: 'test'
  ...
# Subtest: session restore creates a replacement only for definitive missing documents
ok 56 - session restore creates a replacement only for definitive missing documents
  ---
  duration_ms: 10.860625
  type: 'test'
  ...
# Subtest: server idle disposal releases browser session memory while retaining conversation artifacts
ok 57 - server idle disposal releases browser session memory while retaining conversation artifacts
  ---
  duration_ms: 4.691541
  type: 'test'
  ...
# Subtest: workspace reload restores more than 32 documents and respects the 64-document capacity
ok 58 - workspace reload restores more than 32 documents and respects the 64-document capacity
  ---
  duration_ms: 8.526583
  type: 'test'
  ...
# Subtest: MCP automatic text uses the active viewport and queues reveal; explicit and hidden placement stay scoped
ok 59 - MCP automatic text uses the active viewport and queues reveal; explicit and hidden placement stay scoped
  ---
  duration_ms: 6.900334
  type: 'test'
  ...
# Subtest: image attachments deduplicate and persist with native
ok 60 - image attachments deduplicate and persist with native
  ---
  duration_ms: 11.254708
  type: 'test'
  ...
# Subtest: image attachments deduplicate and persist with missing-subtle
ok 61 - image attachments deduplicate and persist with missing-subtle
  ---
  duration_ms: 1.949125
  type: 'test'
  ...
# Subtest: image attachments deduplicate and persist with missing-crypto
ok 62 - image attachments deduplicate and persist with missing-crypto
  ---
  duration_ms: 1.581625
  type: 'test'
  ...
# Subtest: image attachments deduplicate and persist with rejected-digest
ok 63 - image attachments deduplicate and persist with rejected-digest
  ---
  duration_ms: 1.472625
  type: 'test'
  ...
# Subtest: image placement uses attachment bytes, auto-layout or explicit position and rejects missing sources before mutation
ok 64 - image placement uses attachment bytes, auto-layout or explicit position and rejects missing sources before mutation
  ---
  duration_ms: 2.148917
  type: 'test'
  ...
# Subtest: switching to a background Canvas installs attachments before Widget hydration
ok 65 - switching to a background Canvas installs attachments before Widget hydration
  ---
  duration_ms: 1.645625
  type: 'test'
  ...
# Subtest: image import rechecks active editing after asynchronous decode before changing the Canvas
ok 66 - image import rechecks active editing after asynchronous decode before changing the Canvas
  ---
  duration_ms: 3.163042
  type: 'test'
  ...
# Subtest: routed image upload retries reuse the document receipt without retaining Base64 copies
ok 67 - routed image upload retries reuse the document receipt without retaining Base64 copies
  ---
  duration_ms: 2.849916
  type: 'test'
  ...
# Subtest: legacy routing and external takeover keep the composer on PenEcho while Widget choices remain readable
ok 68 - legacy routing and external takeover keep the composer on PenEcho while Widget choices remain readable
  ---
  duration_ms: 2.760708
  type: 'test'
  ...
# Subtest: compound completion acknowledges only owned messages after the committed mutation and retries exactly once
ok 69 - compound completion acknowledges only owned messages after the committed mutation and retries exactly once
  ---
  duration_ms: 1.676084
  type: 'test'
  ...
# Subtest: failed required capture retains one applied artifact without completing or acknowledging
ok 70 - failed required capture retains one applied artifact without completing or acknowledging
  ---
  duration_ms: 1.330667
  type: 'test'
  ...
# Subtest: same stable binding retries an artifact receipt after its transport session changes
ok 71 - same stable binding retries an artifact receipt after its transport session changes
  ---
  duration_ms: 1.429917
  type: 'test'
  ...
# Subtest: routed source patch permits a selected Widget after user geometry edits but still rejects changed source
ok 72 - routed source patch permits a selected Widget after user geometry edits but still rejects changed source
  ---
  duration_ms: 1.631125
  type: 'test'
  ...
# Subtest: background geometry patches preserve Widget content and image raster mapping at scale 2
ok 73 - background geometry patches preserve Widget content and image raster mapping at scale 2
  ---
  duration_ms: 2.078334
  type: 'test'
  ...
# Subtest: background text content patches preserve the existing world to raster ratio
ok 74 - background text content patches preserve the existing world to raster ratio
  ---
  duration_ms: 1.461875
  type: 'test'
  ...
# Subtest: background native labels store text foreground without changing the current Canvas
ok 75 - background native labels store text foreground without changing the current Canvas
  ---
  duration_ms: 3.069459
  type: 'test'
  ...
# Subtest: MCP text and background native content retain screen dimensions and camera across zoom and reopen
ok 76 - MCP text and background native content retain screen dimensions and camera across zoom and reopen
  ---
  duration_ms: 6.883125
  type: 'test'
  ...
# Subtest: raw image upload targets the current document without a conversation and preserves legacy uploads
ok 77 - raw image upload targets the current document without a conversation and preserves legacy uploads
  ---
  duration_ms: 2.424708
  type: 'test'
  ...
# Subtest: raw upload refuses an active-document switch during decoding before saving bytes
ok 78 - raw upload refuses an active-document switch during decoding before saving bytes
  ---
  duration_ms: 2.243375
  type: 'test'
  ...
# Subtest: cancelled session readiness cannot register a late session or durable binding
ok 79 - cancelled session readiness cannot register a late session or durable binding
  ---
  duration_ms: 1.428042
  type: 'test'
  ...
# Subtest: cancelled document hash cannot add a late canvas or persist its identity
ok 80 - cancelled document hash cannot add a late canvas or persist its identity
  ---
  duration_ms: 2.886833
  type: 'test'
  ...
# Subtest: cancelled MCP text preparation releases switch ownership and never swaps visible state
ok 81 - cancelled MCP text preparation releases switch ownership and never swaps visible state
  ---
  duration_ms: 2.241166
  type: 'test'
  ...
# Subtest: duplicate in-flight mutation receipts execute once and retain a successful result
ok 82 - duplicate in-flight mutation receipts execute once and retain a successful result
  ---
  duration_ms: 1.318541
  type: 'test'
  ...
# Subtest: MCP rename updates active metadata and catalog without saving content, moving view or resetting Agent
ok 83 - MCP rename updates active metadata and catalog without saving content, moving view or resetting Agent
  ---
  duration_ms: 1.31475
  type: 'test'
  ...
# Subtest: MCP rename persists hidden document metadata and retains bindings, objects and active canvas
ok 84 - MCP rename persists hidden document metadata and retains bindings, objects and active canvas
  ---
  duration_ms: 2.337916
  type: 'test'
  ...
# Subtest: MCP rename idempotency cannot overwrite a later rename and conflicts on different arguments
ok 85 - MCP rename idempotency cannot overwrite a later rename and conflicts on different arguments
  ---
  duration_ms: 2.458167
  type: 'test'
  ...
# Subtest: MCP rename rejects invalid titles and missing documents without creating one
ok 86 - MCP rename rejects invalid titles and missing documents without creating one
  ---
  duration_ms: 1.354208
  type: 'test'
  ...
# Subtest: MCP rename updates server saved name via metadata PATCH without a full save
ok 87 - MCP rename updates server saved name via metadata PATCH without a full save
  ---
  duration_ms: 1.966
  type: 'test'
  ...
# Subtest: MCP rename updates cloud saved name via metadata PATCH without a full save
ok 88 - MCP rename updates cloud saved name via metadata PATCH without a full save
  ---
  duration_ms: 1.257459
  type: 'test'
  ...
# Subtest: MCP device rename retains saved bytes and identity
ok 89 - MCP device rename retains saved bytes and identity
  ---
  duration_ms: 1.479
  type: 'test'
  ...
# Subtest: MCP rename storage failure leaves the visible name and catalog unchanged
ok 90 - MCP rename storage failure leaves the visible name and catalog unchanged
  ---
  duration_ms: 1.29725
  type: 'test'
  ...
# Subtest: MCP rename reports partial saved-name success if workspace persistence fails
ok 91 - MCP rename reports partial saved-name success if workspace persistence fails
  ---
  duration_ms: 1.196791
  type: 'test'
  ...
# Subtest: cancelled rename readiness cannot update the name after the old operation resumes
ok 92 - cancelled rename readiness cannot update the name after the old operation resumes
  ---
  duration_ms: 1.746833
  type: 'test'
  ...
# Subtest: cancelled MCP rename releases waiting but retains and fences an uncooperative fetch
ok 93 - cancelled MCP rename releases waiting but retains and fences an uncooperative fetch
  ---
  duration_ms: 1.456583
  type: 'test'
  ...
# Subtest: MCP rename bounds response-body stalls and the next rename remains usable
ok 94 - MCP rename bounds response-body stalls and the next rename remains usable
  ---
  duration_ms: 23.864041
  type: 'test'
  ...
# Subtest: MCP rename does not overwrite a newer manual name after an asynchronous saved-name update
ok 95 - MCP rename does not overwrite a newer manual name after an asynchronous saved-name update
  ---
  duration_ms: 3.715625
  type: 'test'
  ...
# Subtest: MCP saved metadata rename remains authoritative after exact locator reopen
ok 96 - MCP saved metadata rename remains authoritative after exact locator reopen
  ---
  duration_ms: 1.668083
  type: 'test'
  ...
# Subtest: MCP rename checks durable-write validity after database wait and preserves newer manual metadata
ok 97 - MCP rename checks durable-write validity after database wait and preserves newer manual metadata
  ---
  duration_ms: 1.551834
  type: 'test'
  ...
# Subtest: active external output remains unseen through automatic show and receipt replay
ok 98 - active external output remains unseen through automatic show and receipt replay
  ---
  duration_ms: 2.091833
  type: 'test'
  ...
# Subtest: saved time survives parking and reload and changes only on save
ok 99 - saved time survives parking and reload and changes only on save
  ---
  duration_ms: 2.829666
  type: 'test'
  ...
# Subtest: catalog uses creation or save time descending without selection priority
ok 100 - catalog uses creation or save time descending without selection priority
  ---
  duration_ms: 1.728958
  type: 'test'
  ...
# Subtest: draft first appearance survives switching and workspace restoration
ok 101 - draft first appearance survives switching and workspace restoration
  ---
  duration_ms: 3.667167
  type: 'test'
  ...
# Subtest: legacy drafts retain observed restore order and saved creation metadata seeds first appearance
ok 102 - legacy drafts retain observed restore order and saved creation metadata seeds first appearance
  ---
  duration_ms: 0.977208
  type: 'test'
  ...
# Subtest: overview contains every diagram edge and 100% zoom can reach both axes without changing layout
ok 103 - overview contains every diagram edge and 100% zoom can reach both axes without changing layout
  ---
  duration_ms: 2.757083
  type: 'test'
  ...
# Subtest: a shallow horizontal overview still has room for a complete decision at 100%
ok 104 - a shallow horizontal overview still has room for a complete decision at 100%
  ---
  duration_ms: 0.154834
  type: 'test'
  ...
# Subtest: all original architecture and workflow fixtures preserve semantics and route clear of nodes and labels
ok 105 - all original architecture and workflow fixtures preserve semantics and route clear of nodes and labels
  ---
  duration_ms: 1506.364125
  type: 'test'
  ...
# Subtest: all original sequence fixtures preserve every participant, message and fragment across widths
ok 106 - all original sequence fixtures preserve every participant, message and fragment across widths
  ---
  duration_ms: 4.848541
  type: 'test'
  ...
# Subtest: nested fragment labels stay clear of lifelines and long-lived activation bars
ok 107 - nested fragment labels stay clear of lifelines and long-lived activation bars
  ---
  duration_ms: 5.44375
  type: 'test'
  ...
# Subtest: sequence accepts semantic JSON only and preserves existing MCP formats
ok 108 - sequence accepts semantic JSON only and preserves existing MCP formats
  ---
  duration_ms: 0.729042
  type: 'test'
  ...
# Subtest: sequence ranges reject unknown, reversed, crossing and cross-branch references
ok 109 - sequence ranges reject unknown, reversed, crossing and cross-branch references
  ---
  duration_ms: 0.214542
  type: 'test'
  ...
# Subtest: ordered temporal grid wraps long labels, stays orthogonal and contains message notes and nested frames
ok 110 - ordered temporal grid wraps long labels, stays orthogonal and contains message notes and nested frames
  ---
  duration_ms: 7.596583
  type: 'test'
  ...
# Subtest: fragment headers stay transparent; message and participant detail targets and colors survive SVG export
ok 111 - fragment headers stay transparent; message and participant detail targets and colors survive SVG export
  ---
  duration_ms: 2.888042
  type: 'test'
  ...
# Subtest: mixed local diagram readiness waits for both runtimes and handles a missing module without hanging
ok 112 - mixed local diagram readiness waits for both runtimes and handles a missing module without hanging
  ---
  duration_ms: 1.0595
  type: 'test'
  ...
# Subtest: snapshot fullContent=false respects document extent independently of presentation zoom
ok 113 - snapshot fullContent=false respects document extent independently of presentation zoom
  ---
  duration_ms: 2.017792
  type: 'test'
  ...
# Subtest: snapshot fullContent=true respects document extent independently of presentation zoom
ok 114 - snapshot fullContent=true respects document extent independently of presentation zoom
  ---
  duration_ms: 0.566333
  type: 'test'
  ...
# Subtest: full content response leaves every preview cache field intact
ok 115 - full content response leaves every preview cache field intact
  ---
  duration_ms: 0.3445
  type: 'test'
  ...
# Subtest: download requests complete content and uses its returned PNG instead of cached preview
ok 116 - download requests complete content and uses its returned PNG instead of cached preview
  ---
  duration_ms: 0.36525
  type: 'test'
  ...
# Subtest: full document overflow includes clipped nested panels without changing their scrolling
ok 117 - full document overflow includes clipped nested panels without changing their scrolling
  ---
  duration_ms: 0.34
  type: 'test'
  ...
# Subtest: scrolled full captures use document coordinates while viewport captures keep the current view
ok 118 - scrolled full captures use document coordinates while viewport captures keep the current view
  ---
  duration_ms: 0.564917
  type: 'test'
  ...
# Subtest: reported retry workflows start before their main chain regardless of input order
ok 119 - reported retry workflows start before their main chain regardless of input order
  ---
  duration_ms: 606.373792
  type: 'test'
  ...
# Subtest: workflow validates semantic process types, branches and cycles and rejects geometry
ok 120 - workflow validates semantic process types, branches and cycles and rejects geometry
  ---
  duration_ms: 0.825458
  type: 'test'
  ...
# Subtest: MCP accepts workflow as exactly one content type and leaves existing HTML intact
ok 121 - MCP accepts workflow as exactly one content type and leaves existing HTML intact
  ---
  duration_ms: 0.477208
  type: 'test'
  ...
# Subtest: workflow lays out ordinary, decision, return and parallel cases at wide and narrow widths
ok 122 - workflow lays out ordinary, decision, return and parallel cases at wide and narrow widths
  ---
  duration_ms: 129.888292
  type: 'test'
  ...
# Subtest: workflow rendering escapes labels and provides distinct semantic shapes
ok 123 - workflow rendering escapes labels and provides distinct semantic shapes
  ---
  duration_ms: 14.3905
  type: 'test'
  ...
# Subtest: compound boundaries wrap long titles, keep explicit ports distinct and never cover an incoming route
ok 124 - compound boundaries wrap long titles, keep explicit ports distinct and never cover an incoming route
  ---
  duration_ms: 17.062417
  type: 'test'
  ...
# Subtest: three diagram readiness waits for every local renderer, including load failures
ok 125 - three diagram readiness waits for every local renderer, including load failures
  ---
  duration_ms: 1.501542
  type: 'test'
  ...
1..125
# tests 125
# suites 0
# pass 125
# fail 0
# cancelled 0
# skipped 0
# todo 0
# duration_ms 1563.992375
